running egg_info
writing ../../build/camera_publisher/camera_publisher.egg-info/PKG-INFO
writing dependency_links to ../../build/camera_publisher/camera_publisher.egg-info/dependency_links.txt
writing entry points to ../../build/camera_publisher/camera_publisher.egg-info/entry_points.txt
writing requirements to ../../build/camera_publisher/camera_publisher.egg-info/requires.txt
writing top-level names to ../../build/camera_publisher/camera_publisher.egg-info/top_level.txt
reading manifest file '../../build/camera_publisher/camera_publisher.egg-info/SOURCES.txt'
writing manifest file '../../build/camera_publisher/camera_publisher.egg-info/SOURCES.txt'
running build
running build_py
copying camera_publisher/camera_node.py -> /ros2_ws/build/camera_publisher/build/lib/camera_publisher
running install
running install_lib
copying /ros2_ws/build/camera_publisher/build/lib/camera_publisher/camera_node.py -> /ros2_ws/install/camera_publisher/lib/python3.12/site-packages/camera_publisher
byte-compiling /ros2_ws/install/camera_publisher/lib/python3.12/site-packages/camera_publisher/camera_node.py to camera_node.cpython-312.pyc
running install_data
running install_egg_info
removing '/ros2_ws/install/camera_publisher/lib/python3.12/site-packages/camera_publisher-0.0.0-py3.12.egg-info' (and everything under it)
Copying ../../build/camera_publisher/camera_publisher.egg-info to /ros2_ws/install/camera_publisher/lib/python3.12/site-packages/camera_publisher-0.0.0-py3.12.egg-info
running install_scripts
Installing camera_node script to /ros2_ws/install/camera_publisher/lib/camera_publisher
writing list of installed files to '/ros2_ws/build/camera_publisher/install.log'
