[2.387s] Invoking command in '/ros2_ws/src/camera_publisher': PYTHONPATH=/ros2_ws/build/camera_publisher/prefix_override:/usr/lib/python3/dist-packages/colcon_core/task/python/colcon_distutils_commands:/ros2_ws/install/camera_publisher/lib/python3.12/site-packages:${PYTHONPATH} /usr/bin/python3 -W ignore:setup.py install is deprecated -W ignore:easy_install command is deprecated setup.py egg_info --egg-base ../../build/camera_publisher build --build-base /ros2_ws/build/camera_publisher/build install --record /ros2_ws/build/camera_publisher/install.log --install-scripts $base/lib/camera_publisher --single-version-externally-managed install_data
[3.161s] running egg_info
[3.208s] writing ../../build/camera_publisher/camera_publisher.egg-info/PKG-INFO
[3.208s] writing dependency_links to ../../build/camera_publisher/camera_publisher.egg-info/dependency_links.txt
[3.210s] writing entry points to ../../build/camera_publisher/camera_publisher.egg-info/entry_points.txt
[3.211s] writing requirements to ../../build/camera_publisher/camera_publisher.egg-info/requires.txt
[3.211s] writing top-level names to ../../build/camera_publisher/camera_publisher.egg-info/top_level.txt
[3.308s] reading manifest file '../../build/camera_publisher/camera_publisher.egg-info/SOURCES.txt'
[3.311s] writing manifest file '../../build/camera_publisher/camera_publisher.egg-info/SOURCES.txt'
[3.312s] running build
[3.312s] running build_py
[3.313s] copying camera_publisher/camera_node.py -> /ros2_ws/build/camera_publisher/build/lib/camera_publisher
[3.313s] running install
[3.337s] running install_lib
[3.387s] copying /ros2_ws/build/camera_publisher/build/lib/camera_publisher/camera_node.py -> /ros2_ws/install/camera_publisher/lib/python3.12/site-packages/camera_publisher
[3.390s] byte-compiling /ros2_ws/install/camera_publisher/lib/python3.12/site-packages/camera_publisher/camera_node.py to camera_node.cpython-312.pyc
[3.393s] running install_data
[3.393s] running install_egg_info
[3.445s] removing '/ros2_ws/install/camera_publisher/lib/python3.12/site-packages/camera_publisher-0.0.0-py3.12.egg-info' (and everything under it)
[3.446s] Copying ../../build/camera_publisher/camera_publisher.egg-info to /ros2_ws/install/camera_publisher/lib/python3.12/site-packages/camera_publisher-0.0.0-py3.12.egg-info
[3.449s] running install_scripts
[3.778s] Installing camera_node script to /ros2_ws/install/camera_publisher/lib/camera_publisher
[3.779s] writing list of installed files to '/ros2_ws/build/camera_publisher/install.log'
[3.907s] Invoked command in '/ros2_ws/src/camera_publisher' returned '0': PYTHONPATH=/ros2_ws/build/camera_publisher/prefix_override:/usr/lib/python3/dist-packages/colcon_core/task/python/colcon_distutils_commands:/ros2_ws/install/camera_publisher/lib/python3.12/site-packages:${PYTHONPATH} /usr/bin/python3 -W ignore:setup.py install is deprecated -W ignore:easy_install command is deprecated setup.py egg_info --egg-base ../../build/camera_publisher build --build-base /ros2_ws/build/camera_publisher/build install --record /ros2_ws/build/camera_publisher/install.log --install-scripts $base/lib/camera_publisher --single-version-externally-managed install_data
