running egg_info
creating ../../build/servo_controller/servo_controller.egg-info
writing ../../build/servo_controller/servo_controller.egg-info/PKG-INFO
writing dependency_links to ../../build/servo_controller/servo_controller.egg-info/dependency_links.txt
writing entry points to ../../build/servo_controller/servo_controller.egg-info/entry_points.txt
writing requirements to ../../build/servo_controller/servo_controller.egg-info/requires.txt
writing top-level names to ../../build/servo_controller/servo_controller.egg-info/top_level.txt
writing manifest file '../../build/servo_controller/servo_controller.egg-info/SOURCES.txt'
reading manifest file '../../build/servo_controller/servo_controller.egg-info/SOURCES.txt'
writing manifest file '../../build/servo_controller/servo_controller.egg-info/SOURCES.txt'
running build
running build_py
creating /ros2_ws/build/servo_controller/build
creating /ros2_ws/build/servo_controller/build/lib
creating /ros2_ws/build/servo_controller/build/lib/servo_controller
copying servo_controller/servo_node.py -> /ros2_ws/build/servo_controller/build/lib/servo_controller
copying servo_controller/__init__.py -> /ros2_ws/build/servo_controller/build/lib/servo_controller
running install
running install_lib
creating /ros2_ws/install/servo_controller/lib/python3.12/site-packages/servo_controller
copying /ros2_ws/build/servo_controller/build/lib/servo_controller/servo_node.py -> /ros2_ws/install/servo_controller/lib/python3.12/site-packages/servo_controller
copying /ros2_ws/build/servo_controller/build/lib/servo_controller/__init__.py -> /ros2_ws/install/servo_controller/lib/python3.12/site-packages/servo_controller
byte-compiling /ros2_ws/install/servo_controller/lib/python3.12/site-packages/servo_controller/servo_node.py to servo_node.cpython-312.pyc
byte-compiling /ros2_ws/install/servo_controller/lib/python3.12/site-packages/servo_controller/__init__.py to __init__.cpython-312.pyc
running install_data
creating /ros2_ws/install/servo_controller/share/ament_index
creating /ros2_ws/install/servo_controller/share/ament_index/resource_index
creating /ros2_ws/install/servo_controller/share/ament_index/resource_index/packages
copying resource/servo_controller -> /ros2_ws/install/servo_controller/share/ament_index/resource_index/packages
copying package.xml -> /ros2_ws/install/servo_controller/share/servo_controller
running install_egg_info
Copying ../../build/servo_controller/servo_controller.egg-info to /ros2_ws/install/servo_controller/lib/python3.12/site-packages/servo_controller-0.0.0-py3.12.egg-info
running install_scripts
Installing servo_node script to /ros2_ws/install/servo_controller/lib/servo_controller
writing list of installed files to '/ros2_ws/build/servo_controller/install.log'
