running egg_info
creating ../../build/camera_publisher/camera_publisher.egg-info
writing ../../build/camera_publisher/camera_publisher.egg-info/PKG-INFO
writing dependency_links to ../../build/camera_publisher/camera_publisher.egg-info/dependency_links.txt
writing entry points to ../../build/camera_publisher/camera_publisher.egg-info/entry_points.txt
writing requirements to ../../build/camera_publisher/camera_publisher.egg-info/requires.txt
writing top-level names to ../../build/camera_publisher/camera_publisher.egg-info/top_level.txt
writing manifest file '../../build/camera_publisher/camera_publisher.egg-info/SOURCES.txt'
reading manifest file '../../build/camera_publisher/camera_publisher.egg-info/SOURCES.txt'
writing manifest file '../../build/camera_publisher/camera_publisher.egg-info/SOURCES.txt'
running build
running build_py
creating /ros2_ws/build/camera_publisher/build
creating /ros2_ws/build/camera_publisher/build/lib
creating /ros2_ws/build/camera_publisher/build/lib/camera_publisher
copying camera_publisher/__init__.py -> /ros2_ws/build/camera_publisher/build/lib/camera_publisher
copying camera_publisher/camera_code.py -> /ros2_ws/build/camera_publisher/build/lib/camera_publisher
running install
running install_lib
creating /ros2_ws/install/camera_publisher/lib/python3.12/site-packages/camera_publisher
copying /ros2_ws/build/camera_publisher/build/lib/camera_publisher/__init__.py -> /ros2_ws/install/camera_publisher/lib/python3.12/site-packages/camera_publisher
copying /ros2_ws/build/camera_publisher/build/lib/camera_publisher/camera_code.py -> /ros2_ws/install/camera_publisher/lib/python3.12/site-packages/camera_publisher
byte-compiling /ros2_ws/install/camera_publisher/lib/python3.12/site-packages/camera_publisher/__init__.py to __init__.cpython-312.pyc
byte-compiling /ros2_ws/install/camera_publisher/lib/python3.12/site-packages/camera_publisher/camera_code.py to camera_code.cpython-312.pyc
running install_data
creating /ros2_ws/install/camera_publisher/share/ament_index
creating /ros2_ws/install/camera_publisher/share/ament_index/resource_index
creating /ros2_ws/install/camera_publisher/share/ament_index/resource_index/packages
copying resource/camera_publisher -> /ros2_ws/install/camera_publisher/share/ament_index/resource_index/packages
copying package.xml -> /ros2_ws/install/camera_publisher/share/camera_publisher
running install_egg_info
Copying ../../build/camera_publisher/camera_publisher.egg-info to /ros2_ws/install/camera_publisher/lib/python3.12/site-packages/camera_publisher-0.0.0-py3.12.egg-info
running install_scripts
Installing camera_node script to /ros2_ws/install/camera_publisher/lib/camera_publisher
writing list of installed files to '/ros2_ws/build/camera_publisher/install.log'
