[1.785s] Invoking command in '/ros2_ws/src/camera_publisher': PYTHONPATH=/ros2_ws/build/camera_publisher/prefix_override:/usr/lib/python3/dist-packages/colcon_core/task/python/colcon_distutils_commands:/ros2_ws/install/camera_publisher/lib/python3.12/site-packages: /usr/bin/python3 -W ignore:setup.py install is deprecated -W ignore:easy_install command is deprecated setup.py egg_info --egg-base ../../build/camera_publisher build --build-base /ros2_ws/build/camera_publisher/build install --record /ros2_ws/build/camera_publisher/install.log --install-scripts $base/lib/camera_publisher --single-version-externally-managed install_data
[2.359s] running egg_info
[2.360s] creating ../../build/camera_publisher/camera_publisher.egg-info
[2.381s] writing ../../build/camera_publisher/camera_publisher.egg-info/PKG-INFO
[2.382s] writing dependency_links to ../../build/camera_publisher/camera_publisher.egg-info/dependency_links.txt
[2.383s] writing entry points to ../../build/camera_publisher/camera_publisher.egg-info/entry_points.txt
[2.384s] writing requirements to ../../build/camera_publisher/camera_publisher.egg-info/requires.txt
[2.384s] writing top-level names to ../../build/camera_publisher/camera_publisher.egg-info/top_level.txt
[2.385s] writing manifest file '../../build/camera_publisher/camera_publisher.egg-info/SOURCES.txt'
[2.433s] reading manifest file '../../build/camera_publisher/camera_publisher.egg-info/SOURCES.txt'
[2.435s] writing manifest file '../../build/camera_publisher/camera_publisher.egg-info/SOURCES.txt'
[2.436s] running build
[2.437s] running build_py
[2.437s] creating /ros2_ws/build/camera_publisher/build
[2.438s] creating /ros2_ws/build/camera_publisher/build/lib
[2.439s] creating /ros2_ws/build/camera_publisher/build/lib/camera_publisher
[2.439s] copying camera_publisher/__init__.py -> /ros2_ws/build/camera_publisher/build/lib/camera_publisher
[2.440s] copying camera_publisher/camera_code.py -> /ros2_ws/build/camera_publisher/build/lib/camera_publisher
[2.440s] running install
[2.461s] running install_lib
[2.485s] creating /ros2_ws/install/camera_publisher/lib/python3.12/site-packages/camera_publisher
[2.486s] copying /ros2_ws/build/camera_publisher/build/lib/camera_publisher/__init__.py -> /ros2_ws/install/camera_publisher/lib/python3.12/site-packages/camera_publisher
[2.486s] copying /ros2_ws/build/camera_publisher/build/lib/camera_publisher/camera_code.py -> /ros2_ws/install/camera_publisher/lib/python3.12/site-packages/camera_publisher
[2.488s] byte-compiling /ros2_ws/install/camera_publisher/lib/python3.12/site-packages/camera_publisher/__init__.py to __init__.cpython-312.pyc
[2.489s] byte-compiling /ros2_ws/install/camera_publisher/lib/python3.12/site-packages/camera_publisher/camera_code.py to camera_code.cpython-312.pyc
[2.492s] running install_data
[2.492s] creating /ros2_ws/install/camera_publisher/share/ament_index
[2.493s] creating /ros2_ws/install/camera_publisher/share/ament_index/resource_index
[2.493s] creating /ros2_ws/install/camera_publisher/share/ament_index/resource_index/packages
[2.494s] copying resource/camera_publisher -> /ros2_ws/install/camera_publisher/share/ament_index/resource_index/packages
[2.494s] copying package.xml -> /ros2_ws/install/camera_publisher/share/camera_publisher
[2.495s] running install_egg_info
[2.525s] Copying ../../build/camera_publisher/camera_publisher.egg-info to /ros2_ws/install/camera_publisher/lib/python3.12/site-packages/camera_publisher-0.0.0-py3.12.egg-info
[2.528s] running install_scripts
[2.739s] Installing camera_node script to /ros2_ws/install/camera_publisher/lib/camera_publisher
[2.741s] writing list of installed files to '/ros2_ws/build/camera_publisher/install.log'
[2.867s] Invoked command in '/ros2_ws/src/camera_publisher' returned '0': PYTHONPATH=/ros2_ws/build/camera_publisher/prefix_override:/usr/lib/python3/dist-packages/colcon_core/task/python/colcon_distutils_commands:/ros2_ws/install/camera_publisher/lib/python3.12/site-packages: /usr/bin/python3 -W ignore:setup.py install is deprecated -W ignore:easy_install command is deprecated setup.py egg_info --egg-base ../../build/camera_publisher build --build-base /ros2_ws/build/camera_publisher/build install --record /ros2_ws/build/camera_publisher/install.log --install-scripts $base/lib/camera_publisher --single-version-externally-managed install_data
