[2.276s] Invoking command in '/ros2_ws/src/color_detector': PYTHONPATH=/ros2_ws/build/color_detector/prefix_override:/usr/lib/python3/dist-packages/colcon_core/task/python/colcon_distutils_commands:/ros2_ws/install/color_detector/lib/python3.12/site-packages:${PYTHONPATH} /usr/bin/python3 -W ignore:setup.py install is deprecated -W ignore:easy_install command is deprecated setup.py egg_info --egg-base ../../build/color_detector build --build-base /ros2_ws/build/color_detector/build install --record /ros2_ws/build/color_detector/install.log --install-scripts $base/lib/color_detector --single-version-externally-managed install_data
[3.023s] running egg_info
[3.025s] creating ../../build/color_detector/color_detector.egg-info
[3.068s] writing ../../build/color_detector/color_detector.egg-info/PKG-INFO
[3.069s] writing dependency_links to ../../build/color_detector/color_detector.egg-info/dependency_links.txt
[3.070s] writing entry points to ../../build/color_detector/color_detector.egg-info/entry_points.txt
[3.070s] writing requirements to ../../build/color_detector/color_detector.egg-info/requires.txt
[3.071s] writing top-level names to ../../build/color_detector/color_detector.egg-info/top_level.txt
[3.072s] writing manifest file '../../build/color_detector/color_detector.egg-info/SOURCES.txt'
[3.162s] reading manifest file '../../build/color_detector/color_detector.egg-info/SOURCES.txt'
[3.164s] writing manifest file '../../build/color_detector/color_detector.egg-info/SOURCES.txt'
[3.165s] running build
[3.166s] running build_py
[3.167s] creating /ros2_ws/build/color_detector/build
[3.168s] creating /ros2_ws/build/color_detector/build/lib
[3.168s] creating /ros2_ws/build/color_detector/build/lib/color_detector
[3.169s] copying color_detector/__init__.py -> /ros2_ws/build/color_detector/build/lib/color_detector
[3.170s] copying color_detector/color_detector_node.py -> /ros2_ws/build/color_detector/build/lib/color_detector
[3.170s] running install
[3.191s] running install_lib
[3.237s] creating /ros2_ws/install/color_detector/lib/python3.12/site-packages/color_detector
[3.238s] copying /ros2_ws/build/color_detector/build/lib/color_detector/__init__.py -> /ros2_ws/install/color_detector/lib/python3.12/site-packages/color_detector
[3.238s] copying /ros2_ws/build/color_detector/build/lib/color_detector/color_detector_node.py -> /ros2_ws/install/color_detector/lib/python3.12/site-packages/color_detector
[3.240s] byte-compiling /ros2_ws/install/color_detector/lib/python3.12/site-packages/color_detector/__init__.py to __init__.cpython-312.pyc
[3.241s] byte-compiling /ros2_ws/install/color_detector/lib/python3.12/site-packages/color_detector/color_detector_node.py to color_detector_node.cpython-312.pyc
[3.244s] running install_data
[3.245s] creating /ros2_ws/install/color_detector/share/ament_index
[3.246s] creating /ros2_ws/install/color_detector/share/ament_index/resource_index
[3.246s] creating /ros2_ws/install/color_detector/share/ament_index/resource_index/packages
[3.247s] copying resource/color_detector -> /ros2_ws/install/color_detector/share/ament_index/resource_index/packages
[3.247s] copying package.xml -> /ros2_ws/install/color_detector/share/color_detector
[3.248s] running install_egg_info
[3.296s] Copying ../../build/color_detector/color_detector.egg-info to /ros2_ws/install/color_detector/lib/python3.12/site-packages/color_detector-0.0.0-py3.12.egg-info
[3.298s] running install_scripts
[3.613s] Installing color_detector_node script to /ros2_ws/install/color_detector/lib/color_detector
[3.615s] writing list of installed files to '/ros2_ws/build/color_detector/install.log'
[3.745s] Invoked command in '/ros2_ws/src/color_detector' returned '0': PYTHONPATH=/ros2_ws/build/color_detector/prefix_override:/usr/lib/python3/dist-packages/colcon_core/task/python/colcon_distutils_commands:/ros2_ws/install/color_detector/lib/python3.12/site-packages:${PYTHONPATH} /usr/bin/python3 -W ignore:setup.py install is deprecated -W ignore:easy_install command is deprecated setup.py egg_info --egg-base ../../build/color_detector build --build-base /ros2_ws/build/color_detector/build install --record /ros2_ws/build/color_detector/install.log --install-scripts $base/lib/color_detector --single-version-externally-managed install_data
